   Compiling intent-contracts v0.1.0 (C:\Users\Jordan\browser\crates\intent-contracts)
   Compiling intent-recovery v0.1.0 (C:\Users\Jordan\browser\crates\intent-recovery)
   Compiling intent-state v0.1.0 (C:\Users\Jordan\browser\crates\intent-state)
warning: function `sql_u64` is never used
  --> crates\intent-state\src\recovery_error.rs:65:15
   |
65 | pub(crate) fn sql_u64(value: u64) -> Result<i64, RecoveryError> {
   |               ^^^^^^^
   |
   = note: `#[warn(dead_code)]` (part of `#[warn(unused)]`) on by default

warning: function `unsigned` is never used
  --> crates\intent-state\src\recovery_error.rs:68:15
   |
68 | pub(crate) fn unsigned(value: i64) -> Result<u64, RecoveryError> {
   |               ^^^^^^^^

warning: function `bounded_json` is never used
  --> crates\intent-state\src\recovery_error.rs:71:15
   |
71 | pub(crate) fn bounded_json<T: serde::Serialize>(
   |               ^^^^^^^^^^^^

warning: function `digest` is never used
   --> crates\intent-state\src\recovery_error.rs:108:15
    |
108 | pub(crate) fn digest(bytes: &[u8]) -> intent_contracts::ContentHash {
    |               ^^^^^^

warning: `intent-state` (lib) generated 4 warnings
warning: `intent-state` (lib test) generated 4 warnings (4 duplicates)
    Finished `test` profile [unoptimized + debuginfo] target(s) in 29.42s
     Running unittests src\lib.rs (C:\Users\Jordan\.cargo-target\debug\deps\intent_state-f3f39882e4c07600.exe)

running 60 tests
test artifacts::tests::reference_count_requires_matching_scope ... ok
test artifacts::tests::invalid_reference_never_reports_a_successful_pin ... ok
test artifacts::tests::idempotent_retry_compares_incoming_bytes ... ok
test artifacts::tests::stores_verifies_and_references_artifact ... ok
test checkpoints::tests::checkpoint_process_probe ... ok
test artifacts::tests::identical_plaintext_is_namespaced_by_scope ... ok
test artifacts::tests::corrupt_blob_fails_visible_integrity_check ... ok
test checkpoints::tests::changed_head_binding_is_not_used_as_a_valid_compare_and_swap_predecessor ... ok
test checkpoints::tests::checkpoint_owned_pin_survives_suppression_and_cannot_be_removed_outside_retirement ... ok
test checkpoints::tests::failure_after_pin_insertion_rolls_back_graph_head_and_references ... ok
test checkpoints::tests::checkpoint_commits_graph_cursor_operation_and_exact_artifact_then_reopens ... ok
test checkpoints::tests::corrupted_checkpoint_and_lost_pin_fail_closed_without_enabling_dispatch ... ok
test checkpoints::tests::checkpoint_writer_excludes_collection_until_its_pin_is_committed ... ok
test checkpoints::tests::graph_and_payload_byte_limits_fail_before_committing ... ok
test checkpoints::tests::graph_cycles_duplicates_missing_goals_or_cursor_and_wrong_scope_are_atomic_failures ... ok
test checkpoints::tests::identical_retry_is_stable_after_newer_operation_state_but_changed_input_conflicts ... ok
test checkpoints::tests::historical_uncertainty_is_not_rewritten_or_reexecuted_by_loading_a_checkpoint ... ok
test checkpoints::tests::missing_corrupt_or_misdescribed_artifact_cannot_be_checkpointed_or_restored ... ok
test consolidation_migration_tests::divergent_branch_v8_history_is_rejected_without_appending_migrations ... ok
test consolidation_migration_tests::canonical_v8_upgrade_keeps_task_checkpoint_bytes_and_migration_checksums ... ok
test hardening_tests::cancelled_pending_and_expired_claims_cannot_starve_live_work ... ok
test checkpoints::tests::rehashed_payload_cannot_omit_an_operation_at_the_checkpoint_watermark ... ok
test hardening_tests::dispatch_result_rejects_an_active_attempt_mismatch ... ok
test hardening_tests::migration_batch_failure_rolls_back_earlier_ddl_and_new_ledger ... ok
test checkpoints::tests::actual_process_kill_before_and_after_commit_has_distinct_recoverable_results ... ok
test checkpoints::tests::same_revision_writers_produce_one_committed_graph_and_one_conflict ... ok
test hardening_tests::outcome_cannot_substitute_attempt_or_append_a_journal_entry ... ok
test hardening_tests::populated_zero_id_database_is_rejected_without_mutation ... ok
test hardening_tests::duplicate_acknowledgement_rejects_corrupt_or_missing_stored_data ... ok
test hardening_tests::restored_effects_cannot_bypass_the_aggregate_read_budget ... ok
test hardening_tests::staged_dispatch_projection_journal_and_attempt_share_identity ... ok
test inbox::tests::changed_duplicate_effects_fail_closed ... ok
test inbox::tests::duplicate_delivery_does_not_apply_effect_twice ... ok
test hardening_tests::concurrent_initializers_select_migrations_after_acquiring_writer_lock ... ok
test migrations::tests::migration_versions_are_contiguous_and_checksums_are_stable_length ... ok
test inbox::tests::sequence_gap_is_explicit_and_cursor_does_not_advance ... ok
test inbox::tests::missing_materialized_effect_is_detected_by_aggregate_hash ... ok
test hardening_tests::user_version_disagreement_fails_without_rewriting_the_ledger ... ok
test operations::tests::stale_revision_is_rejected_without_extra_journal_entry ... ok
test operations::tests::create_and_transition_append_same_revision_journal ... ok
test operations::tests::dispatch_states_require_durable_attempt_identity ... ok
test outbox::tests::ambiguous_dispatch_becomes_reconciliation_not_success ... ok
test outbox::tests::only_lease_holder_can_begin_external_attempt ... ok
test outbox::tests::staging_atomically_marks_operation_pending_and_writes_outbox ... ok
test retention::hardening_tests::missing_file_retry_repeats_the_failed_directory_barrier ... ok
test retention::hardening_tests::gc_writer_lock_excludes_publication_reference_and_hold_through_unlink ... ok
test retention::hardening_tests::publication_must_acquire_the_writer_lock_before_exposing_a_final_path ... ok
test retention::hardening_tests::candidate_limit_excludes_held_referenced_live_shared_and_queued_prefixes ... ok
test retention::hardening_tests::repeated_suppression_is_idempotent_and_zero_batch_does_not_prune ... ok
test retention::tests::active_hold_blocks_gc_until_released ... ok
test retention::hardening_tests::unicode_gc_diagnostic_is_bounded_and_failure_remains_retryable ... ok
test retention::tests::suppression_is_immediate_for_normal_retrieval ... ok
test retention::tests::durable_reference_blocks_gc_until_removed ... ok
test tests::foreign_key_enforcement_is_effective ... ok
test tests::wrong_application_id_is_rejected ... ok
test retention::hardening_tests::committed_live_handle_or_hold_prevents_unlink ... ok
test tests::altered_migration_checksum_fails_closed ... ok
test tests::file_store_bootstraps_wal_migrations_and_identity ... ok
test hardening_tests::aggregate_inbox_limit_is_atomic_and_inclusive ... ok
test artifacts::tests::oversized_input_is_rejected_and_quarantine_is_cleaned ... ok

test result: ok. 60 passed; 0 failed; 0 ignored; 0 measured; 0 filtered out; finished in 56.36s

     Running tests\checkpoint_consolidation.rs (C:\Users\Jordan\.cargo-target\debug\deps\checkpoint_consolidation-c93f12a469dd416f.exe)

running 0 tests

test result: ok. 0 passed; 0 failed; 0 ignored; 0 measured; 0 filtered out; finished in 0.00s

